2026-08-24 19:19:23,975 INFO ======================================================================
2026-08-24 19:19:23,975 INFO Beta-only Firestore reset & seed
2026-08-24 19:19:23,975 INFO ======================================================================
2026-08-24 19:19:23,975 INFO Database ID: sms-db-beta
2026-08-24 19:19:23,975 INFO Execution mode: dry-run
2026-08-24 19:19:23,975 INFO Dry-run: True
2026-08-24 19:19:24,583 INFO Firebase project ID: aerosafety-sms-prod
2026-08-24 19:19:24,583 INFO Firebase database ID: sms-db-beta
2026-08-24 19:19:24,583 INFO [DISCOVER] Counting documents in demo tenant paths (beta only)...
2026-08-24 19:19:44,004 INFO [DISCOVER] Counts before: {
  "fishtail-air": {
    "reports": 31,
    "hazards": 110,
    "can_cap": 18,
    "can_cap/caps": 32,
    "flight_diversions": 0,
    "surveys": 16,
    "responses": 16,
    "verification": 0,
    "audit_logs": 0,
    "notifications": 0,
    "metadata (protected, not purged)": 2
  },
  "vnkt-airport": {
    "reports": 0,
    "hazards": 0,
    "can_cap": 0,
    "flight_diversions": 0,
    "surveys": 0,
    "responses": 0,
    "verification": 0,
    "audit_logs": 0,
    "notifications": 0,
    "metadata (protected, not purged)": 0
  }
}
2026-08-24 19:19:44,004 WARNING [AUTH-SAFETY] Beta and production SHARE the same Firebase project (aerosafety-sms-prod).
2026-08-24 19:19:44,004 WARNING [AUTH-SAFETY] Firebase Auth custom claims are PROJECT-WIDE, not per-database.
2026-08-24 19:19:44,004 WARNING [AUTH-SAFETY] AUTOMATIC Auth provisioning BLOCKED. Dedicated beta project or explicit approval required.
2026-08-24 19:19:44,004 INFO [AUTH-CHECK] {
  "beta_project": "aerosafety-sms-prod",
  "beta_database": "sms-db-beta",
  "prod_database": "sms-db",
  "prod_project_guess": "aerosafety-sms-prod",
  "shared_project": true,
  "auth_scoped_to_database": false,
  "auth_is_project_wide": true,
  "auth_blocked": true,
  "action": "BLOCKED - Auth provisioning stopped. Firestore purge/seed may proceed if its own checks pass."
}
2026-08-24 19:19:44,004 INFO [PURGE] Dry-run — no documents deleted. Would purge demo collections for 2 tenants.
2026-08-24 19:19:58,418 INFO [SEED] Dry-run — no documents written.
2026-08-24 19:19:58,715 INFO [SEED] Tenant fishtail-air exists, departments synced
2026-08-24 19:19:58,716 INFO [DRY-RUN] Would seed hazard FI-HZ-001-26 for fishtail-air dept Flight Operations
2026-08-24 19:19:58,716 INFO [DRY-RUN] Would seed hazard FI-HZ-002-26 for fishtail-air dept Maintenance
2026-08-24 19:19:58,716 INFO [DRY-RUN] Would seed hazard FI-HZ-003-26 for fishtail-air dept Maintenance
2026-08-24 19:19:58,716 INFO [DRY-RUN] Would seed hazard FI-HZ-004-26 for fishtail-air dept Safety & Quality
2026-08-24 19:19:58,716 INFO [DRY-RUN] Would seed CAN CAN-001
2026-08-24 19:19:58,716 INFO [DRY-RUN] Would seed CAN CAN-002
2026-08-24 19:19:59,021 INFO [DRY-RUN] Would create tenant vnkt-airport (Tribhuvan International Airport (VNKT))
2026-08-24 19:19:59,022 INFO [DRY-RUN] Would seed hazard VN-HZ-001-26 for vnkt-airport dept Airside Operations
2026-08-24 19:19:59,022 INFO [DRY-RUN] Would seed hazard VN-HZ-002-26 for vnkt-airport dept Wildlife & Bird Hazard Management
2026-08-24 19:19:59,022 INFO [DRY-RUN] Would seed hazard VN-HZ-003-26 for vnkt-airport dept Apron Control
2026-08-24 19:19:59,022 INFO [DRY-RUN] Would seed hazard VN-HZ-004-26 for vnkt-airport dept Rescue & Fire Fighting (ARFF)
2026-08-24 19:19:59,022 INFO [DRY-RUN] Would seed hazard VN-HZ-005-26 for vnkt-airport dept Air Traffic Coordination
2026-08-24 19:19:59,022 INFO [DRY-RUN] Would seed diversion vnkt-airport-DIV-001
2026-08-24 19:19:59,022 INFO [DRY-RUN] Would seed diversion vnkt-airport-DIV-002
2026-08-24 19:20:15,287 INFO [DISCOVER] Counts after: {
  "fishtail-air": {
    "reports": 31,
    "hazards": 110,
    "can_cap": 18,
    "can_cap/caps": 32,
    "flight_diversions": 0,
    "surveys": 16,
    "responses": 16,
    "verification": 0,
    "audit_logs": 0,
    "notifications": 0,
    "metadata (protected, not purged)": 2
  },
  "vnkt-airport": {
    "reports": 0,
    "hazards": 0,
    "can_cap": 0,
    "flight_diversions": 0,
    "surveys": 0,
    "responses": 0,
    "verification": 0,
    "audit_logs": 0,
    "notifications": 0,
    "metadata (protected, not purged)": 0
  }
}
2026-08-24 19:20:15,290 INFO [SUMMARY] JSON written to C:\Users\CEO-LAPTOP\Projects\betasms-aviasafe\backend\scripts\logs\setup_two_tenants_beta_20260824_191923.json
2026-08-24 19:20:15,290 INFO [SUMMARY] Log written to C:\Users\CEO-LAPTOP\Projects\betasms-aviasafe\backend\scripts\logs\setup_two_tenants_beta_20260824_191923.log
